2026-09-21 13:59:00 | [INFO   ] | Логгер успешно сконфигурирован
2026-09-21 13:59:00 | [INFO   ] | Приложение запущено
2026-09-21 13:59:00 | [INFO   ] | Входные данные: ('3', '3', '3')
2026-09-21 13:59:00 | [INFO   ] | Запрос на обработку треугольника: A='3', B='3', C='3'
2026-09-21 13:59:00 | [INFO   ] | Тип треугольника: равносторонний, координаты: [(10, 90), (90, 90), (50, 21)]
2026-09-21 13:59:00 | [INFO   ] | Результат: тип='равносторонний', вершины=[(10, 90), (90, 90), (50, 21)]
2026-09-21 13:59:00 | [INFO   ] | Входные данные: ('3', '3', '5')
2026-09-21 13:59:00 | [INFO   ] | Запрос на обработку треугольника: A='3', B='3', C='5'
2026-09-21 13:59:00 | [INFO   ] | Тип треугольника: равнобедренный, координаты: [(10, 90), (90, 90), (50, 63)]
2026-09-21 13:59:00 | [INFO   ] | Результат: тип='равнобедренный', вершины=[(10, 90), (90, 90), (50, 63)]
2026-09-21 13:59:00 | [INFO   ] | Входные данные: ('3', '4', '5')
2026-09-21 13:59:00 | [INFO   ] | Запрос на обработку треугольника: A='3', B='4', C='5'
2026-09-21 13:59:00 | [INFO   ] | Тип треугольника: разносторонний, координаты: [(10, 90), (90, 90), (61, 52)]
2026-09-21 13:59:00 | [INFO   ] | Результат: тип='разносторонний', вершины=[(10, 90), (90, 90), (61, 52)]
2026-09-21 13:59:00 | [INFO   ] | Входные данные: ('1', '1', '10')
2026-09-21 13:59:00 | [INFO   ] | Запрос на обработку треугольника: A='1', B='1', C='10'
2026-09-21 13:59:00 | [WARNING] | Треугольник с такими сторонами не существует: 1.0, 1.0, 10.0
2026-09-21 13:59:00 | [INFO   ] | Результат: тип='не треугольник', вершины=[(-1, -1), (-1, -1), (-1, -1)]
2026-09-21 13:59:00 | [INFO   ] | Входные данные: ('abc', '4', '5')
2026-09-21 13:59:00 | [INFO   ] | Запрос на обработку треугольника: A='abc', B='4', C='5'
2026-09-21 13:59:00 | [WARNING] | Сторона A: нечисловое значение 'abc'
2026-09-21 13:59:00 | [INFO   ] | Результат: тип='', вершины=[(-2, -2), (-2, -2), (-2, -2)]
2026-09-21 13:59:00 | [INFO   ] | Входные данные: ('-3', '4', '5')
2026-09-21 13:59:00 | [INFO   ] | Запрос на обработку треугольника: A='-3', B='4', C='5'
2026-09-21 13:59:00 | [WARNING] | Сторона A: не положительное число '-3'
2026-09-21 13:59:00 | [INFO   ] | Результат: тип='не треугольник', вершины=[(-1, -1), (-1, -1), (-1, -1)]
2026-09-21 13:59:00 | [INFO   ] | Приложение завершено
2026-09-28 13:05:50 | [INFO   ] | Логгер успешно сконфигурирован
2026-09-28 13:05:50 | [INFO   ] | Приложение запущено
2026-09-28 13:05:50 | [INFO   ] | Входные данные: ('3', '3', '3')
2026-09-28 13:05:50 | [INFO   ] | Запрос на обработку треугольника: A='3', B='3', C='3'
2026-09-28 13:05:50 | [INFO   ] | Тип треугольника: равносторонний, координаты: [(10, 90), (90, 90), (50, 21)]
2026-09-28 13:05:50 | [INFO   ] | Результат: тип='равносторонний', вершины=[(10, 90), (90, 90), (50, 21)]
2026-09-28 13:05:50 | [INFO   ] | Входные данные: ('3', '3', '5')
2026-09-28 13:05:50 | [INFO   ] | Запрос на обработку треугольника: A='3', B='3', C='5'
2026-09-28 13:05:50 | [INFO   ] | Тип треугольника: равнобедренный, координаты: [(10, 90), (90, 90), (50, 63)]
2026-09-28 13:05:50 | [INFO   ] | Результат: тип='равнобедренный', вершины=[(10, 90), (90, 90), (50, 63)]
2026-09-28 13:05:50 | [INFO   ] | Входные данные: ('3', '4', '5')
2026-09-28 13:05:50 | [INFO   ] | Запрос на обработку треугольника: A='3', B='4', C='5'
2026-09-28 13:05:50 | [INFO   ] | Тип треугольника: разносторонний, координаты: [(10, 90), (90, 90), (61, 52)]
2026-09-28 13:05:50 | [INFO   ] | Результат: тип='разносторонний', вершины=[(10, 90), (90, 90), (61, 52)]
2026-09-28 13:05:50 | [INFO   ] | Входные данные: ('1', '1', '10')
2026-09-28 13:05:50 | [INFO   ] | Запрос на обработку треугольника: A='1', B='1', C='10'
2026-09-28 13:05:50 | [WARNING] | Треугольник с такими сторонами не существует: 1.0, 1.0, 10.0
2026-09-28 13:05:50 | [INFO   ] | Результат: тип='не треугольник', вершины=[(-1, -1), (-1, -1), (-1, -1)]
2026-09-28 13:05:50 | [INFO   ] | Входные данные: ('abc', '4', '5')
2026-09-28 13:05:50 | [INFO   ] | Запрос на обработку треугольника: A='abc', B='4', C='5'
2026-09-28 13:05:50 | [WARNING] | Сторона A: нечисловое значение 'abc'
2026-09-28 13:05:50 | [INFO   ] | Результат: тип='', вершины=[(-2, -2), (-2, -2), (-2, -2)]
2026-09-28 13:05:50 | [INFO   ] | Входные данные: ('-3', '4', '5')
2026-09-28 13:05:50 | [INFO   ] | Запрос на обработку треугольника: A='-3', B='4', C='5'
2026-09-28 13:05:50 | [WARNING] | Сторона A: не положительное число '-3'
2026-09-28 13:05:50 | [INFO   ] | Результат: тип='не треугольник', вершины=[(-1, -1), (-1, -1), (-1, -1)]
2026-09-28 13:05:50 | [INFO   ] | Приложение завершено
2026-09-28 14:15:00 | [INFO   ] | Логгер успешно сконфигурирован
2026-09-28 14:15:00 | [INFO   ] | Приложение запущено
2026-09-28 14:15:00 | [INFO   ] | Входные данные: ('3', '3', '3')
2026-09-28 14:15:00 | [INFO   ] | Запрос на обработку треугольника: A='3', B='3', C='3'
2026-09-28 14:15:00 | [INFO   ] | Тип треугольника: равносторонний, координаты: [(10, 90), (90, 90), (50, 21)]
2026-09-28 14:15:00 | [INFO   ] | Результат: тип='равносторонний', вершины=[(10, 90), (90, 90), (50, 21)]
2026-09-28 14:15:00 | [INFO   ] | Входные данные: ('3', '3', '5')
2026-09-28 14:15:00 | [INFO   ] | Запрос на обработку треугольника: A='3', B='3', C='5'
2026-09-28 14:15:00 | [INFO   ] | Тип треугольника: равнобедренный, координаты: [(10, 90), (90, 90), (50, 63)]
2026-09-28 14:15:00 | [INFO   ] | Результат: тип='равнобедренный', вершины=[(10, 90), (90, 90), (50, 63)]
2026-09-28 14:15:00 | [INFO   ] | Входные данные: ('3', '4', '5')
2026-09-28 14:15:00 | [INFO   ] | Запрос на обработку треугольника: A='3', B='4', C='5'
2026-09-28 14:15:00 | [INFO   ] | Тип треугольника: разносторонний, координаты: [(10, 90), (90, 90), (61, 52)]
2026-09-28 14:15:00 | [INFO   ] | Результат: тип='разносторонний', вершины=[(10, 90), (90, 90), (61, 52)]
2026-09-28 14:15:00 | [INFO   ] | Входные данные: ('1', '1', '10')
2026-09-28 14:15:00 | [INFO   ] | Запрос на обработку треугольника: A='1', B='1', C='10'
2026-09-28 14:15:00 | [WARNING] | Треугольник с такими сторонами не существует: 1.0, 1.0, 10.0
2026-09-28 14:15:00 | [INFO   ] | Результат: тип='не треугольник', вершины=[(-1, -1), (-1, -1), (-1, -1)]
2026-09-28 14:15:00 | [INFO   ] | Входные данные: ('abc', '4', '5')
2026-09-28 14:15:00 | [INFO   ] | Запрос на обработку треугольника: A='abc', B='4', C='5'
2026-09-28 14:15:00 | [WARNING] | Сторона A: нечисловое значение 'abc'
2026-09-28 14:15:00 | [INFO   ] | Результат: тип='', вершины=[(-2, -2), (-2, -2), (-2, -2)]
2026-09-28 14:15:00 | [INFO   ] | Входные данные: ('-3', '4', '5')
2026-09-28 14:15:00 | [INFO   ] | Запрос на обработку треугольника: A='-3', B='4', C='5'
2026-09-28 14:15:00 | [WARNING] | Сторона A: не положительное число '-3'
2026-09-28 14:15:00 | [INFO   ] | Результат: тип='не треугольник', вершины=[(-1, -1), (-1, -1), (-1, -1)]
2026-09-28 14:15:00 | [INFO   ] | Приложение завершено
2026-09-28 14:16:23 | [INFO   ] | Логгер успешно сконфигурирован
2026-09-28 14:16:23 | [INFO   ] | Приложение запущено
2026-09-28 14:16:23 | [INFO   ] | Входные данные: ('0.2', '0.3', '0.5')
2026-09-28 14:16:23 | [INFO   ] | Запрос на обработку треугольника: A='0.2', B='0.3', C='0.5'
2026-09-28 14:16:23 | [WARNING] | Треугольник с такими сторонами не существует: 0.2, 0.3, 0.5
2026-09-28 14:16:23 | [INFO   ] | Результат: тип='не треугольник', вершины=[(-1, -1), (-1, -1), (-1, -1)]
2026-09-28 14:16:23 | [INFO   ] | Входные данные: ('3', '3', '5')
2026-09-28 14:16:23 | [INFO   ] | Запрос на обработку треугольника: A='3', B='3', C='5'
2026-09-28 14:16:23 | [INFO   ] | Тип треугольника: равнобедренный, координаты: [(10, 90), (90, 90), (50, 63)]
2026-09-28 14:16:23 | [INFO   ] | Результат: тип='равнобедренный', вершины=[(10, 90), (90, 90), (50, 63)]
2026-09-28 14:16:23 | [INFO   ] | Входные данные: ('3', '4', '5')
2026-09-28 14:16:23 | [INFO   ] | Запрос на обработку треугольника: A='3', B='4', C='5'
2026-09-28 14:16:23 | [INFO   ] | Тип треугольника: разносторонний, координаты: [(10, 90), (90, 90), (61, 52)]
2026-09-28 14:16:23 | [INFO   ] | Результат: тип='разносторонний', вершины=[(10, 90), (90, 90), (61, 52)]
2026-09-28 14:16:23 | [INFO   ] | Входные данные: ('1', '1', '10')
2026-09-28 14:16:23 | [INFO   ] | Запрос на обработку треугольника: A='1', B='1', C='10'
2026-09-28 14:16:23 | [WARNING] | Треугольник с такими сторонами не существует: 1.0, 1.0, 10.0
2026-09-28 14:16:23 | [INFO   ] | Результат: тип='не треугольник', вершины=[(-1, -1), (-1, -1), (-1, -1)]
2026-09-28 14:16:23 | [INFO   ] | Входные данные: ('abc', '4', '5')
2026-09-28 14:16:23 | [INFO   ] | Запрос на обработку треугольника: A='abc', B='4', C='5'
2026-09-28 14:16:23 | [WARNING] | Сторона A: нечисловое значение 'abc'
2026-09-28 14:16:23 | [INFO   ] | Результат: тип='', вершины=[(-2, -2), (-2, -2), (-2, -2)]
2026-09-28 14:16:23 | [INFO   ] | Входные данные: ('-3', '4', '5')
2026-09-28 14:16:23 | [INFO   ] | Запрос на обработку треугольника: A='-3', B='4', C='5'
2026-09-28 14:16:23 | [WARNING] | Сторона A: не положительное число '-3'
2026-09-28 14:16:23 | [INFO   ] | Результат: тип='не треугольник', вершины=[(-1, -1), (-1, -1), (-1, -1)]
2026-09-28 14:16:23 | [INFO   ] | Приложение завершено
2026-09-28 14:25:37 | [INFO   ] | Логгер успешно сконфигурирован
2026-09-28 14:25:37 | [INFO   ] | Приложение запущено
2026-09-28 14:25:43 | [INFO   ] | Пользовательский ввод: A='5', B='6', C='7'
2026-09-28 14:25:43 | [INFO   ] | Запрос на обработку треугольника: A='5', B='6', C='7'
2026-09-28 14:25:43 | [INFO   ] | Тип треугольника: разносторонний, координаты: [(10, 90), (90, 90), (59, 42)]
2026-09-28 14:25:43 | [INFO   ] | Результат: тип='разносторонний', вершины=[(10, 90), (90, 90), (59, 42)]
2026-09-28 14:25:43 | [INFO   ] | Приложение завершено
